// Jest Snapshot v1, https://goo.gl/fbAQLP

exports[`SFC is a Vue instance 1`] = `
"<div>
  SFC
</div>"
`;
